
> mine-station-genesis-frontend@1.3.0 build
> tsc && vite build

components/AdminRigLayoutEditor.tsx(198,13): error TS2322: Type '`slot_${number}`' is not assignable to type '"machine" | "battery" | "wiring" | "multiplier" | "power" | "config" | "coin_selector" | "battery_bar" | "production_display" | "instant_recharge" | "rewarded_ad" | "daily_boost" | "charger_bar" | "stat_monitor"'.
components/AdminRigLayoutEditor.tsx(200,13): error TS2322: Type '`ai_${number}`' is not assignable to type '"machine" | "battery" | "wiring" | "multiplier" | "power" | "config" | "coin_selector" | "battery_bar" | "production_display" | "instant_recharge" | "rewarded_ad" | "daily_boost" | "charger_bar" | "stat_monitor"'.
components/AdminRigLayoutEditor.tsx(202,13): error TS2322: Type '`battery_${number}`' is not assignable to type '"machine" | "battery" | "wiring" | "multiplier" | "power" | "config" | "coin_selector" | "battery_bar" | "production_display" | "instant_recharge" | "rewarded_ad" | "daily_boost" | "charger_bar" | "stat_monitor"'.
components/AdminRigLayoutEditor.tsx(204,13): error TS2322: Type '`battery_bar_${number}`' is not assignable to type '"machine" | "battery" | "wiring" | "multiplier" | "power" | "config" | "coin_selector" | "battery_bar" | "production_display" | "instant_recharge" | "rewarded_ad" | "daily_boost" | "charger_bar" | "stat_monitor"'.
